// Jest Snapshot v1, https://goo.gl/fbAQLP

exports[`gender-fields unit test should render 1`] = `
<div
  className="sc-bdfBwQ gfdbTj"
>
  <div
    className="sc-gsTCUz jYeFxJ"
    onClick={[Function]}
  >
    <div>
      Women
    </div>
    <div
      className="sc-dlfnbm kHWbIJ"
    />
  </div>
  <div
    className="sc-gsTCUz jYeFxJ"
    onClick={[Function]}
  >
    <div>
      Men
    </div>
  </div>
  <div
    className="sc-gsTCUz jYeFxJ"
    onClick={[Function]}
  >
    <div>
      Kids
    </div>
  </div>
</div>
`;
