// Jest Snapshot v1, https://goo.gl/fbAQLP

exports[`use action hook should return 1`] = `
Object {
  "updateFilter": [Function],
}
`;
